------------------------------------------------------------
Timing Analyzer Summary
------------------------------------------------------------

Type  : Slow 1200mV 85C Model Setup 'START'
Slack : -2.202
TNS   : -23.284

Type  : Slow 1200mV 85C Model Setup 'VD2:inst6|out_pos[16]'
Slack : -0.910
TNS   : -0.910

Type  : Slow 1200mV 85C Model Setup 'CNT:inst|inst2'
Slack : -0.667
TNS   : -0.667

Type  : Slow 1200mV 85C Model Setup 'CNT:inst|inst1'
Slack : 0.114
TNS   : 0.000

Type  : Slow 1200mV 85C Model Hold 'START'
Slack : 0.464
TNS   : 0.000

Type  : Slow 1200mV 85C Model Hold 'CNT:inst|inst1'
Slack : 0.497
TNS   : 0.000

Type  : Slow 1200mV 85C Model Hold 'CNT:inst|inst2'
Slack : 0.664
TNS   : 0.000

Type  : Slow 1200mV 85C Model Hold 'VD2:inst6|out_pos[16]'
Slack : 0.855
TNS   : 0.000

Type  : Slow 1200mV 85C Model Recovery 'CNT:inst|inst2'
Slack : -2.127
TNS   : -2.127

Type  : Slow 1200mV 85C Model Recovery 'VD2:inst6|out_pos[16]'
Slack : -1.948
TNS   : -1.948

Type  : Slow 1200mV 85C Model Recovery 'CNT:inst|inst1'
Slack : -1.445
TNS   : -1.445

Type  : Slow 1200mV 85C Model Removal 'CNT:inst|inst1'
Slack : 0.407
TNS   : 0.000

Type  : Slow 1200mV 85C Model Removal 'VD2:inst6|out_pos[16]'
Slack : 0.812
TNS   : 0.000

Type  : Slow 1200mV 85C Model Removal 'CNT:inst|inst2'
Slack : 0.998
TNS   : 0.000

Type  : Slow 1200mV 85C Model Minimum Pulse Width 'START'
Slack : -3.000
TNS   : -28.279

Type  : Slow 1200mV 85C Model Minimum Pulse Width 'CNT:inst|inst1'
Slack : -1.487
TNS   : -1.487

Type  : Slow 1200mV 85C Model Minimum Pulse Width 'CNT:inst|inst2'
Slack : -1.487
TNS   : -1.487

Type  : Slow 1200mV 85C Model Minimum Pulse Width 'VD2:inst6|out_pos[16]'
Slack : -1.487
TNS   : -1.487

Type  : Slow 1200mV 0C Model Setup 'START'
Slack : -1.897
TNS   : -19.746

Type  : Slow 1200mV 0C Model Setup 'VD2:inst6|out_pos[16]'
Slack : -0.828
TNS   : -0.828

Type  : Slow 1200mV 0C Model Setup 'CNT:inst|inst2'
Slack : -0.593
TNS   : -0.593

Type  : Slow 1200mV 0C Model Setup 'CNT:inst|inst1'
Slack : 0.210
TNS   : 0.000

Type  : Slow 1200mV 0C Model Hold 'START'
Slack : 0.416
TNS   : 0.000

Type  : Slow 1200mV 0C Model Hold 'CNT:inst|inst1'
Slack : 0.447
TNS   : 0.000

Type  : Slow 1200mV 0C Model Hold 'CNT:inst|inst2'
Slack : 0.630
TNS   : 0.000

Type  : Slow 1200mV 0C Model Hold 'VD2:inst6|out_pos[16]'
Slack : 0.833
TNS   : 0.000

Type  : Slow 1200mV 0C Model Recovery 'CNT:inst|inst2'
Slack : -1.920
TNS   : -1.920

Type  : Slow 1200mV 0C Model Recovery 'VD2:inst6|out_pos[16]'
Slack : -1.768
TNS   : -1.768

Type  : Slow 1200mV 0C Model Recovery 'CNT:inst|inst1'
Slack : -1.290
TNS   : -1.290

Type  : Slow 1200mV 0C Model Removal 'CNT:inst|inst1'
Slack : 0.368
TNS   : 0.000

Type  : Slow 1200mV 0C Model Removal 'VD2:inst6|out_pos[16]'
Slack : 0.726
TNS   : 0.000

Type  : Slow 1200mV 0C Model Removal 'CNT:inst|inst2'
Slack : 0.885
TNS   : 0.000

Type  : Slow 1200mV 0C Model Minimum Pulse Width 'START'
Slack : -3.000
TNS   : -28.279

Type  : Slow 1200mV 0C Model Minimum Pulse Width 'CNT:inst|inst1'
Slack : -1.487
TNS   : -1.487

Type  : Slow 1200mV 0C Model Minimum Pulse Width 'CNT:inst|inst2'
Slack : -1.487
TNS   : -1.487

Type  : Slow 1200mV 0C Model Minimum Pulse Width 'VD2:inst6|out_pos[16]'
Slack : -1.487
TNS   : -1.487

Type  : Fast 1200mV 0C Model Setup 'START'
Slack : -0.673
TNS   : -1.651

Type  : Fast 1200mV 0C Model Setup 'VD2:inst6|out_pos[16]'
Slack : -0.036
TNS   : -0.036

Type  : Fast 1200mV 0C Model Setup 'CNT:inst|inst2'
Slack : 0.033
TNS   : 0.000

Type  : Fast 1200mV 0C Model Setup 'CNT:inst|inst1'
Slack : 0.624
TNS   : 0.000

Type  : Fast 1200mV 0C Model Hold 'START'
Slack : 0.193
TNS   : 0.000

Type  : Fast 1200mV 0C Model Hold 'CNT:inst|inst1'
Slack : 0.206
TNS   : 0.000

Type  : Fast 1200mV 0C Model Hold 'CNT:inst|inst2'
Slack : 0.247
TNS   : 0.000

Type  : Fast 1200mV 0C Model Hold 'VD2:inst6|out_pos[16]'
Slack : 0.304
TNS   : 0.000

Type  : Fast 1200mV 0C Model Recovery 'CNT:inst|inst2'
Slack : -0.399
TNS   : -0.399

Type  : Fast 1200mV 0C Model Recovery 'VD2:inst6|out_pos[16]'
Slack : -0.311
TNS   : -0.311

Type  : Fast 1200mV 0C Model Recovery 'CNT:inst|inst1'
Slack : -0.099
TNS   : -0.099

Type  : Fast 1200mV 0C Model Removal 'CNT:inst|inst1'
Slack : 0.165
TNS   : 0.000

Type  : Fast 1200mV 0C Model Removal 'VD2:inst6|out_pos[16]'
Slack : 0.361
TNS   : 0.000

Type  : Fast 1200mV 0C Model Removal 'CNT:inst|inst2'
Slack : 0.452
TNS   : 0.000

Type  : Fast 1200mV 0C Model Minimum Pulse Width 'START'
Slack : -3.000
TNS   : -21.163

Type  : Fast 1200mV 0C Model Minimum Pulse Width 'CNT:inst|inst1'
Slack : -1.000
TNS   : -1.000

Type  : Fast 1200mV 0C Model Minimum Pulse Width 'CNT:inst|inst2'
Slack : -1.000
TNS   : -1.000

Type  : Fast 1200mV 0C Model Minimum Pulse Width 'VD2:inst6|out_pos[16]'
Slack : -1.000
TNS   : -1.000

------------------------------------------------------------
