------------------------------------------------------------
TimeQuest Timing Analyzer Summary
------------------------------------------------------------

Type  : Slow 1200mV 85C Model Setup 'START'
Slack : -0.051
TNS   : -0.051

Type  : Slow 1200mV 85C Model Setup 'VD2_20:inst3|my_dff:inst19|inst2'
Slack : 0.014
TNS   : 0.000

Type  : Slow 1200mV 85C Model Setup 'VD2_20:inst3|my_dff:inst5|inst2'
Slack : 0.072
TNS   : 0.000

Type  : Slow 1200mV 85C Model Setup 'VD2_20:inst3|my_dff:inst2|inst2'
Slack : 0.081
TNS   : 0.000

Type  : Slow 1200mV 85C Model Setup 'VD2_20:inst3|my_dff:inst11|inst2'
Slack : 0.083
TNS   : 0.000

Type  : Slow 1200mV 85C Model Setup 'VD2_20:inst3|my_dff:inst13|inst2'
Slack : 0.083
TNS   : 0.000

Type  : Slow 1200mV 85C Model Setup 'VD2_20:inst3|my_dff:inst9|inst2'
Slack : 0.083
TNS   : 0.000

Type  : Slow 1200mV 85C Model Setup 'VD2_20:inst3|my_dff:inst1|inst2'
Slack : 0.090
TNS   : 0.000

Type  : Slow 1200mV 85C Model Setup 'VD2_20:inst3|my_dff:inst7|inst2'
Slack : 0.090
TNS   : 0.000

Type  : Slow 1200mV 85C Model Setup 'VD2_20:inst3|my_dff:inst15|inst2'
Slack : 0.105
TNS   : 0.000

Type  : Slow 1200mV 85C Model Setup 'VD2_20:inst3|my_dff:inst16|inst2'
Slack : 0.123
TNS   : 0.000

Type  : Slow 1200mV 85C Model Setup 'VD2_20:inst3|my_dff:inst10|inst2'
Slack : 0.125
TNS   : 0.000

Type  : Slow 1200mV 85C Model Setup 'VD2_20:inst3|my_dff:inst12|inst2'
Slack : 0.125
TNS   : 0.000

Type  : Slow 1200mV 85C Model Setup 'VD2_20:inst3|my_dff:inst8|inst2'
Slack : 0.125
TNS   : 0.000

Type  : Slow 1200mV 85C Model Setup 'VD2_20:inst3|my_dff:inst17|inst2'
Slack : 0.126
TNS   : 0.000

Type  : Slow 1200mV 85C Model Setup 'VD2_20:inst3|my_dff:inst3|inst2'
Slack : 0.126
TNS   : 0.000

Type  : Slow 1200mV 85C Model Setup 'VD2_20:inst3|my_dff:inst14|inst2'
Slack : 0.127
TNS   : 0.000

Type  : Slow 1200mV 85C Model Setup 'VD2_20:inst3|my_dff:inst4|inst2'
Slack : 0.128
TNS   : 0.000

Type  : Slow 1200mV 85C Model Setup 'VD2_20:inst3|my_dff:inst|inst2'
Slack : 0.151
TNS   : 0.000

Type  : Slow 1200mV 85C Model Setup 'VD2_20:inst3|my_dff:inst6|inst2'
Slack : 0.157
TNS   : 0.000

Type  : Slow 1200mV 85C Model Setup 'VD2_20:inst3|my_dff:inst18|inst2'
Slack : 0.172
TNS   : 0.000

Type  : Slow 1200mV 85C Model Setup 'CNT:inst|inst2'
Slack : 0.193
TNS   : 0.000

Type  : Slow 1200mV 85C Model Setup 'CNT:inst|inst1'
Slack : 0.317
TNS   : 0.000

Type  : Slow 1200mV 85C Model Hold 'VD2_20:inst3|my_dff:inst15|inst2'
Slack : -0.014
TNS   : -0.014

Type  : Slow 1200mV 85C Model Hold 'VD2_20:inst3|my_dff:inst5|inst2'
Slack : 0.020
TNS   : 0.000

Type  : Slow 1200mV 85C Model Hold 'START'
Slack : 0.025
TNS   : 0.000

Type  : Slow 1200mV 85C Model Hold 'VD2_20:inst3|my_dff:inst14|inst2'
Slack : 0.042
TNS   : 0.000

Type  : Slow 1200mV 85C Model Hold 'VD2_20:inst3|my_dff:inst4|inst2'
Slack : 0.042
TNS   : 0.000

Type  : Slow 1200mV 85C Model Hold 'VD2_20:inst3|my_dff:inst17|inst2'
Slack : 0.043
TNS   : 0.000

Type  : Slow 1200mV 85C Model Hold 'VD2_20:inst3|my_dff:inst3|inst2'
Slack : 0.043
TNS   : 0.000

Type  : Slow 1200mV 85C Model Hold 'VD2_20:inst3|my_dff:inst10|inst2'
Slack : 0.044
TNS   : 0.000

Type  : Slow 1200mV 85C Model Hold 'VD2_20:inst3|my_dff:inst12|inst2'
Slack : 0.044
TNS   : 0.000

Type  : Slow 1200mV 85C Model Hold 'VD2_20:inst3|my_dff:inst8|inst2'
Slack : 0.044
TNS   : 0.000

Type  : Slow 1200mV 85C Model Hold 'VD2_20:inst3|my_dff:inst1|inst2'
Slack : 0.062
TNS   : 0.000

Type  : Slow 1200mV 85C Model Hold 'VD2_20:inst3|my_dff:inst7|inst2'
Slack : 0.062
TNS   : 0.000

Type  : Slow 1200mV 85C Model Hold 'VD2_20:inst3|my_dff:inst11|inst2'
Slack : 0.070
TNS   : 0.000

Type  : Slow 1200mV 85C Model Hold 'VD2_20:inst3|my_dff:inst9|inst2'
Slack : 0.070
TNS   : 0.000

Type  : Slow 1200mV 85C Model Hold 'VD2_20:inst3|my_dff:inst13|inst2'
Slack : 0.071
TNS   : 0.000

Type  : Slow 1200mV 85C Model Hold 'VD2_20:inst3|my_dff:inst2|inst2'
Slack : 0.073
TNS   : 0.000

Type  : Slow 1200mV 85C Model Hold 'VD2_20:inst3|my_dff:inst6|inst2'
Slack : 0.083
TNS   : 0.000

Type  : Slow 1200mV 85C Model Hold 'VD2_20:inst3|my_dff:inst|inst2'
Slack : 0.088
TNS   : 0.000

Type  : Slow 1200mV 85C Model Hold 'VD2_20:inst3|my_dff:inst18|inst2'
Slack : 0.111
TNS   : 0.000

Type  : Slow 1200mV 85C Model Hold 'CNT:inst|inst2'
Slack : 0.122
TNS   : 0.000

Type  : Slow 1200mV 85C Model Hold 'VD2_20:inst3|my_dff:inst16|inst2'
Slack : 0.164
TNS   : 0.000

Type  : Slow 1200mV 85C Model Hold 'VD2_20:inst3|my_dff:inst19|inst2'
Slack : 0.188
TNS   : 0.000

Type  : Slow 1200mV 85C Model Hold 'CNT:inst|inst1'
Slack : 0.384
TNS   : 0.000

Type  : Slow 1200mV 85C Model Recovery 'CNT:inst|inst2'
Slack : -1.091
TNS   : -1.091

Type  : Slow 1200mV 85C Model Recovery 'CNT:inst|inst1'
Slack : -1.034
TNS   : -1.034

Type  : Slow 1200mV 85C Model Recovery 'VD2_20:inst3|my_dff:inst19|inst2'
Slack : -0.738
TNS   : -0.738

Type  : Slow 1200mV 85C Model Removal 'VD2_20:inst3|my_dff:inst19|inst2'
Slack : -0.120
TNS   : -0.120

Type  : Slow 1200mV 85C Model Removal 'CNT:inst|inst1'
Slack : 0.217
TNS   : 0.000

Type  : Slow 1200mV 85C Model Removal 'CNT:inst|inst2'
Slack : 0.248
TNS   : 0.000

Type  : Slow 1200mV 85C Model Minimum Pulse Width 'START'
Slack : -3.000
TNS   : -4.000

Type  : Slow 1200mV 85C Model Minimum Pulse Width 'CNT:inst|inst1'
Slack : -1.000
TNS   : -1.000

Type  : Slow 1200mV 85C Model Minimum Pulse Width 'CNT:inst|inst2'
Slack : -1.000
TNS   : -1.000

Type  : Slow 1200mV 85C Model Minimum Pulse Width 'VD2_20:inst3|my_dff:inst10|inst2'
Slack : -1.000
TNS   : -1.000

Type  : Slow 1200mV 85C Model Minimum Pulse Width 'VD2_20:inst3|my_dff:inst11|inst2'
Slack : -1.000
TNS   : -1.000

Type  : Slow 1200mV 85C Model Minimum Pulse Width 'VD2_20:inst3|my_dff:inst12|inst2'
Slack : -1.000
TNS   : -1.000

Type  : Slow 1200mV 85C Model Minimum Pulse Width 'VD2_20:inst3|my_dff:inst13|inst2'
Slack : -1.000
TNS   : -1.000

Type  : Slow 1200mV 85C Model Minimum Pulse Width 'VD2_20:inst3|my_dff:inst14|inst2'
Slack : -1.000
TNS   : -1.000

Type  : Slow 1200mV 85C Model Minimum Pulse Width 'VD2_20:inst3|my_dff:inst15|inst2'
Slack : -1.000
TNS   : -1.000

Type  : Slow 1200mV 85C Model Minimum Pulse Width 'VD2_20:inst3|my_dff:inst16|inst2'
Slack : -1.000
TNS   : -1.000

Type  : Slow 1200mV 85C Model Minimum Pulse Width 'VD2_20:inst3|my_dff:inst17|inst2'
Slack : -1.000
TNS   : -1.000

Type  : Slow 1200mV 85C Model Minimum Pulse Width 'VD2_20:inst3|my_dff:inst18|inst2'
Slack : -1.000
TNS   : -1.000

Type  : Slow 1200mV 85C Model Minimum Pulse Width 'VD2_20:inst3|my_dff:inst19|inst2'
Slack : -1.000
TNS   : -1.000

Type  : Slow 1200mV 85C Model Minimum Pulse Width 'VD2_20:inst3|my_dff:inst1|inst2'
Slack : -1.000
TNS   : -1.000

Type  : Slow 1200mV 85C Model Minimum Pulse Width 'VD2_20:inst3|my_dff:inst2|inst2'
Slack : -1.000
TNS   : -1.000

Type  : Slow 1200mV 85C Model Minimum Pulse Width 'VD2_20:inst3|my_dff:inst3|inst2'
Slack : -1.000
TNS   : -1.000

Type  : Slow 1200mV 85C Model Minimum Pulse Width 'VD2_20:inst3|my_dff:inst4|inst2'
Slack : -1.000
TNS   : -1.000

Type  : Slow 1200mV 85C Model Minimum Pulse Width 'VD2_20:inst3|my_dff:inst5|inst2'
Slack : -1.000
TNS   : -1.000

Type  : Slow 1200mV 85C Model Minimum Pulse Width 'VD2_20:inst3|my_dff:inst6|inst2'
Slack : -1.000
TNS   : -1.000

Type  : Slow 1200mV 85C Model Minimum Pulse Width 'VD2_20:inst3|my_dff:inst7|inst2'
Slack : -1.000
TNS   : -1.000

Type  : Slow 1200mV 85C Model Minimum Pulse Width 'VD2_20:inst3|my_dff:inst8|inst2'
Slack : -1.000
TNS   : -1.000

Type  : Slow 1200mV 85C Model Minimum Pulse Width 'VD2_20:inst3|my_dff:inst9|inst2'
Slack : -1.000
TNS   : -1.000

Type  : Slow 1200mV 85C Model Minimum Pulse Width 'VD2_20:inst3|my_dff:inst|inst2'
Slack : -1.000
TNS   : -1.000

Type  : Slow 1200mV 0C Model Setup 'START'
Slack : 0.020
TNS   : 0.000

Type  : Slow 1200mV 0C Model Setup 'VD2_20:inst3|my_dff:inst19|inst2'
Slack : 0.061
TNS   : 0.000

Type  : Slow 1200mV 0C Model Setup 'VD2_20:inst3|my_dff:inst5|inst2'
Slack : 0.117
TNS   : 0.000

Type  : Slow 1200mV 0C Model Setup 'VD2_20:inst3|my_dff:inst2|inst2'
Slack : 0.129
TNS   : 0.000

Type  : Slow 1200mV 0C Model Setup 'VD2_20:inst3|my_dff:inst11|inst2'
Slack : 0.130
TNS   : 0.000

Type  : Slow 1200mV 0C Model Setup 'VD2_20:inst3|my_dff:inst9|inst2'
Slack : 0.130
TNS   : 0.000

Type  : Slow 1200mV 0C Model Setup 'VD2_20:inst3|my_dff:inst13|inst2'
Slack : 0.131
TNS   : 0.000

Type  : Slow 1200mV 0C Model Setup 'VD2_20:inst3|my_dff:inst1|inst2'
Slack : 0.136
TNS   : 0.000

Type  : Slow 1200mV 0C Model Setup 'VD2_20:inst3|my_dff:inst7|inst2'
Slack : 0.136
TNS   : 0.000

Type  : Slow 1200mV 0C Model Setup 'VD2_20:inst3|my_dff:inst15|inst2'
Slack : 0.151
TNS   : 0.000

Type  : Slow 1200mV 0C Model Setup 'VD2_20:inst3|my_dff:inst16|inst2'
Slack : 0.151
TNS   : 0.000

Type  : Slow 1200mV 0C Model Setup 'VD2_20:inst3|my_dff:inst10|inst2'
Slack : 0.166
TNS   : 0.000

Type  : Slow 1200mV 0C Model Setup 'VD2_20:inst3|my_dff:inst12|inst2'
Slack : 0.166
TNS   : 0.000

Type  : Slow 1200mV 0C Model Setup 'VD2_20:inst3|my_dff:inst8|inst2'
Slack : 0.166
TNS   : 0.000

Type  : Slow 1200mV 0C Model Setup 'VD2_20:inst3|my_dff:inst17|inst2'
Slack : 0.168
TNS   : 0.000

Type  : Slow 1200mV 0C Model Setup 'VD2_20:inst3|my_dff:inst3|inst2'
Slack : 0.168
TNS   : 0.000

Type  : Slow 1200mV 0C Model Setup 'VD2_20:inst3|my_dff:inst14|inst2'
Slack : 0.170
TNS   : 0.000

Type  : Slow 1200mV 0C Model Setup 'VD2_20:inst3|my_dff:inst4|inst2'
Slack : 0.170
TNS   : 0.000

Type  : Slow 1200mV 0C Model Setup 'VD2_20:inst3|my_dff:inst|inst2'
Slack : 0.193
TNS   : 0.000

Type  : Slow 1200mV 0C Model Setup 'VD2_20:inst3|my_dff:inst18|inst2'
Slack : 0.196
TNS   : 0.000

Type  : Slow 1200mV 0C Model Setup 'VD2_20:inst3|my_dff:inst6|inst2'
Slack : 0.197
TNS   : 0.000

Type  : Slow 1200mV 0C Model Setup 'CNT:inst|inst2'
Slack : 0.225
TNS   : 0.000

Type  : Slow 1200mV 0C Model Setup 'CNT:inst|inst1'
Slack : 0.398
TNS   : 0.000

Type  : Slow 1200mV 0C Model Hold 'VD2_20:inst3|my_dff:inst15|inst2'
Slack : -0.012
TNS   : -0.012

Type  : Slow 1200mV 0C Model Hold 'START'
Slack : 0.008
TNS   : 0.000

Type  : Slow 1200mV 0C Model Hold 'VD2_20:inst3|my_dff:inst5|inst2'
Slack : 0.020
TNS   : 0.000

Type  : Slow 1200mV 0C Model Hold 'VD2_20:inst3|my_dff:inst14|inst2'
Slack : 0.039
TNS   : 0.000

Type  : Slow 1200mV 0C Model Hold 'VD2_20:inst3|my_dff:inst17|inst2'
Slack : 0.039
TNS   : 0.000

Type  : Slow 1200mV 0C Model Hold 'VD2_20:inst3|my_dff:inst4|inst2'
Slack : 0.039
TNS   : 0.000

Type  : Slow 1200mV 0C Model Hold 'VD2_20:inst3|my_dff:inst10|inst2'
Slack : 0.041
TNS   : 0.000

Type  : Slow 1200mV 0C Model Hold 'VD2_20:inst3|my_dff:inst12|inst2'
Slack : 0.041
TNS   : 0.000

Type  : Slow 1200mV 0C Model Hold 'VD2_20:inst3|my_dff:inst3|inst2'
Slack : 0.041
TNS   : 0.000

Type  : Slow 1200mV 0C Model Hold 'VD2_20:inst3|my_dff:inst8|inst2'
Slack : 0.041
TNS   : 0.000

Type  : Slow 1200mV 0C Model Hold 'VD2_20:inst3|my_dff:inst1|inst2'
Slack : 0.060
TNS   : 0.000

Type  : Slow 1200mV 0C Model Hold 'VD2_20:inst3|my_dff:inst7|inst2'
Slack : 0.060
TNS   : 0.000

Type  : Slow 1200mV 0C Model Hold 'VD2_20:inst3|my_dff:inst11|inst2'
Slack : 0.066
TNS   : 0.000

Type  : Slow 1200mV 0C Model Hold 'VD2_20:inst3|my_dff:inst9|inst2'
Slack : 0.066
TNS   : 0.000

Type  : Slow 1200mV 0C Model Hold 'VD2_20:inst3|my_dff:inst13|inst2'
Slack : 0.067
TNS   : 0.000

Type  : Slow 1200mV 0C Model Hold 'VD2_20:inst3|my_dff:inst2|inst2'
Slack : 0.069
TNS   : 0.000

Type  : Slow 1200mV 0C Model Hold 'VD2_20:inst3|my_dff:inst6|inst2'
Slack : 0.083
TNS   : 0.000

Type  : Slow 1200mV 0C Model Hold 'VD2_20:inst3|my_dff:inst|inst2'
Slack : 0.084
TNS   : 0.000

Type  : Slow 1200mV 0C Model Hold 'VD2_20:inst3|my_dff:inst18|inst2'
Slack : 0.112
TNS   : 0.000

Type  : Slow 1200mV 0C Model Hold 'CNT:inst|inst2'
Slack : 0.120
TNS   : 0.000

Type  : Slow 1200mV 0C Model Hold 'VD2_20:inst3|my_dff:inst16|inst2'
Slack : 0.160
TNS   : 0.000

Type  : Slow 1200mV 0C Model Hold 'VD2_20:inst3|my_dff:inst19|inst2'
Slack : 0.182
TNS   : 0.000

Type  : Slow 1200mV 0C Model Hold 'CNT:inst|inst1'
Slack : 0.341
TNS   : 0.000

Type  : Slow 1200mV 0C Model Recovery 'CNT:inst|inst2'
Slack : -0.869
TNS   : -0.869

Type  : Slow 1200mV 0C Model Recovery 'CNT:inst|inst1'
Slack : -0.820
TNS   : -0.820

Type  : Slow 1200mV 0C Model Recovery 'VD2_20:inst3|my_dff:inst19|inst2'
Slack : -0.552
TNS   : -0.552

Type  : Slow 1200mV 0C Model Removal 'VD2_20:inst3|my_dff:inst19|inst2'
Slack : -0.111
TNS   : -0.111

Type  : Slow 1200mV 0C Model Removal 'CNT:inst|inst1'
Slack : 0.206
TNS   : 0.000

Type  : Slow 1200mV 0C Model Removal 'CNT:inst|inst2'
Slack : 0.219
TNS   : 0.000

Type  : Slow 1200mV 0C Model Minimum Pulse Width 'START'
Slack : -3.000
TNS   : -4.000

Type  : Slow 1200mV 0C Model Minimum Pulse Width 'CNT:inst|inst1'
Slack : -1.000
TNS   : -1.000

Type  : Slow 1200mV 0C Model Minimum Pulse Width 'CNT:inst|inst2'
Slack : -1.000
TNS   : -1.000

Type  : Slow 1200mV 0C Model Minimum Pulse Width 'VD2_20:inst3|my_dff:inst10|inst2'
Slack : -1.000
TNS   : -1.000

Type  : Slow 1200mV 0C Model Minimum Pulse Width 'VD2_20:inst3|my_dff:inst11|inst2'
Slack : -1.000
TNS   : -1.000

Type  : Slow 1200mV 0C Model Minimum Pulse Width 'VD2_20:inst3|my_dff:inst12|inst2'
Slack : -1.000
TNS   : -1.000

Type  : Slow 1200mV 0C Model Minimum Pulse Width 'VD2_20:inst3|my_dff:inst13|inst2'
Slack : -1.000
TNS   : -1.000

Type  : Slow 1200mV 0C Model Minimum Pulse Width 'VD2_20:inst3|my_dff:inst14|inst2'
Slack : -1.000
TNS   : -1.000

Type  : Slow 1200mV 0C Model Minimum Pulse Width 'VD2_20:inst3|my_dff:inst15|inst2'
Slack : -1.000
TNS   : -1.000

Type  : Slow 1200mV 0C Model Minimum Pulse Width 'VD2_20:inst3|my_dff:inst16|inst2'
Slack : -1.000
TNS   : -1.000

Type  : Slow 1200mV 0C Model Minimum Pulse Width 'VD2_20:inst3|my_dff:inst17|inst2'
Slack : -1.000
TNS   : -1.000

Type  : Slow 1200mV 0C Model Minimum Pulse Width 'VD2_20:inst3|my_dff:inst18|inst2'
Slack : -1.000
TNS   : -1.000

Type  : Slow 1200mV 0C Model Minimum Pulse Width 'VD2_20:inst3|my_dff:inst19|inst2'
Slack : -1.000
TNS   : -1.000

Type  : Slow 1200mV 0C Model Minimum Pulse Width 'VD2_20:inst3|my_dff:inst1|inst2'
Slack : -1.000
TNS   : -1.000

Type  : Slow 1200mV 0C Model Minimum Pulse Width 'VD2_20:inst3|my_dff:inst2|inst2'
Slack : -1.000
TNS   : -1.000

Type  : Slow 1200mV 0C Model Minimum Pulse Width 'VD2_20:inst3|my_dff:inst3|inst2'
Slack : -1.000
TNS   : -1.000

Type  : Slow 1200mV 0C Model Minimum Pulse Width 'VD2_20:inst3|my_dff:inst4|inst2'
Slack : -1.000
TNS   : -1.000

Type  : Slow 1200mV 0C Model Minimum Pulse Width 'VD2_20:inst3|my_dff:inst5|inst2'
Slack : -1.000
TNS   : -1.000

Type  : Slow 1200mV 0C Model Minimum Pulse Width 'VD2_20:inst3|my_dff:inst6|inst2'
Slack : -1.000
TNS   : -1.000

Type  : Slow 1200mV 0C Model Minimum Pulse Width 'VD2_20:inst3|my_dff:inst7|inst2'
Slack : -1.000
TNS   : -1.000

Type  : Slow 1200mV 0C Model Minimum Pulse Width 'VD2_20:inst3|my_dff:inst8|inst2'
Slack : -1.000
TNS   : -1.000

Type  : Slow 1200mV 0C Model Minimum Pulse Width 'VD2_20:inst3|my_dff:inst9|inst2'
Slack : -1.000
TNS   : -1.000

Type  : Slow 1200mV 0C Model Minimum Pulse Width 'VD2_20:inst3|my_dff:inst|inst2'
Slack : -1.000
TNS   : -1.000

Type  : Fast 1200mV 0C Model Setup 'VD2_20:inst3|my_dff:inst19|inst2'
Slack : 0.287
TNS   : 0.000

Type  : Fast 1200mV 0C Model Setup 'VD2_20:inst3|my_dff:inst2|inst2'
Slack : 0.294
TNS   : 0.000

Type  : Fast 1200mV 0C Model Setup 'VD2_20:inst3|my_dff:inst11|inst2'
Slack : 0.295
TNS   : 0.000

Type  : Fast 1200mV 0C Model Setup 'VD2_20:inst3|my_dff:inst9|inst2'
Slack : 0.295
TNS   : 0.000

Type  : Fast 1200mV 0C Model Setup 'VD2_20:inst3|my_dff:inst13|inst2'
Slack : 0.296
TNS   : 0.000

Type  : Fast 1200mV 0C Model Setup 'VD2_20:inst3|my_dff:inst1|inst2'
Slack : 0.300
TNS   : 0.000

Type  : Fast 1200mV 0C Model Setup 'VD2_20:inst3|my_dff:inst7|inst2'
Slack : 0.300
TNS   : 0.000

Type  : Fast 1200mV 0C Model Setup 'VD2_20:inst3|my_dff:inst5|inst2'
Slack : 0.306
TNS   : 0.000

Type  : Fast 1200mV 0C Model Setup 'VD2_20:inst3|my_dff:inst10|inst2'
Slack : 0.318
TNS   : 0.000

Type  : Fast 1200mV 0C Model Setup 'VD2_20:inst3|my_dff:inst12|inst2'
Slack : 0.318
TNS   : 0.000

Type  : Fast 1200mV 0C Model Setup 'VD2_20:inst3|my_dff:inst8|inst2'
Slack : 0.318
TNS   : 0.000

Type  : Fast 1200mV 0C Model Setup 'VD2_20:inst3|my_dff:inst3|inst2'
Slack : 0.319
TNS   : 0.000

Type  : Fast 1200mV 0C Model Setup 'VD2_20:inst3|my_dff:inst17|inst2'
Slack : 0.320
TNS   : 0.000

Type  : Fast 1200mV 0C Model Setup 'VD2_20:inst3|my_dff:inst|inst2'
Slack : 0.320
TNS   : 0.000

Type  : Fast 1200mV 0C Model Setup 'VD2_20:inst3|my_dff:inst14|inst2'
Slack : 0.321
TNS   : 0.000

Type  : Fast 1200mV 0C Model Setup 'VD2_20:inst3|my_dff:inst4|inst2'
Slack : 0.321
TNS   : 0.000

Type  : Fast 1200mV 0C Model Setup 'VD2_20:inst3|my_dff:inst6|inst2'
Slack : 0.322
TNS   : 0.000

Type  : Fast 1200mV 0C Model Setup 'VD2_20:inst3|my_dff:inst15|inst2'
Slack : 0.325
TNS   : 0.000

Type  : Fast 1200mV 0C Model Setup 'VD2_20:inst3|my_dff:inst16|inst2'
Slack : 0.335
TNS   : 0.000

Type  : Fast 1200mV 0C Model Setup 'CNT:inst|inst2'
Slack : 0.359
TNS   : 0.000

Type  : Fast 1200mV 0C Model Setup 'VD2_20:inst3|my_dff:inst18|inst2'
Slack : 0.361
TNS   : 0.000

Type  : Fast 1200mV 0C Model Setup 'START'
Slack : 0.454
TNS   : 0.000

Type  : Fast 1200mV 0C Model Setup 'CNT:inst|inst1'
Slack : 0.624
TNS   : 0.000

Type  : Fast 1200mV 0C Model Hold 'START'
Slack : -0.276
TNS   : -0.276

Type  : Fast 1200mV 0C Model Hold 'VD2_20:inst3|my_dff:inst15|inst2'
Slack : -0.059
TNS   : -0.059

Type  : Fast 1200mV 0C Model Hold 'VD2_20:inst3|my_dff:inst5|inst2'
Slack : -0.035
TNS   : -0.035

Type  : Fast 1200mV 0C Model Hold 'VD2_20:inst3|my_dff:inst14|inst2'
Slack : 0.000
TNS   : 0.000

Type  : Fast 1200mV 0C Model Hold 'VD2_20:inst3|my_dff:inst4|inst2'
Slack : 0.000
TNS   : 0.000

Type  : Fast 1200mV 0C Model Hold 'VD2_20:inst3|my_dff:inst17|inst2'
Slack : 0.001
TNS   : 0.000

Type  : Fast 1200mV 0C Model Hold 'VD2_20:inst3|my_dff:inst3|inst2'
Slack : 0.002
TNS   : 0.000

Type  : Fast 1200mV 0C Model Hold 'VD2_20:inst3|my_dff:inst10|inst2'
Slack : 0.003
TNS   : 0.000

Type  : Fast 1200mV 0C Model Hold 'VD2_20:inst3|my_dff:inst12|inst2'
Slack : 0.003
TNS   : 0.000

Type  : Fast 1200mV 0C Model Hold 'VD2_20:inst3|my_dff:inst8|inst2'
Slack : 0.003
TNS   : 0.000

Type  : Fast 1200mV 0C Model Hold 'VD2_20:inst3|my_dff:inst1|inst2'
Slack : 0.009
TNS   : 0.000

Type  : Fast 1200mV 0C Model Hold 'VD2_20:inst3|my_dff:inst7|inst2'
Slack : 0.009
TNS   : 0.000

Type  : Fast 1200mV 0C Model Hold 'VD2_20:inst3|my_dff:inst13|inst2'
Slack : 0.013
TNS   : 0.000

Type  : Fast 1200mV 0C Model Hold 'VD2_20:inst3|my_dff:inst11|inst2'
Slack : 0.014
TNS   : 0.000

Type  : Fast 1200mV 0C Model Hold 'VD2_20:inst3|my_dff:inst9|inst2'
Slack : 0.014
TNS   : 0.000

Type  : Fast 1200mV 0C Model Hold 'VD2_20:inst3|my_dff:inst2|inst2'
Slack : 0.015
TNS   : 0.000

Type  : Fast 1200mV 0C Model Hold 'VD2_20:inst3|my_dff:inst6|inst2'
Slack : 0.015
TNS   : 0.000

Type  : Fast 1200mV 0C Model Hold 'VD2_20:inst3|my_dff:inst18|inst2'
Slack : 0.017
TNS   : 0.000

Type  : Fast 1200mV 0C Model Hold 'CNT:inst|inst2'
Slack : 0.020
TNS   : 0.000

Type  : Fast 1200mV 0C Model Hold 'VD2_20:inst3|my_dff:inst|inst2'
Slack : 0.021
TNS   : 0.000

Type  : Fast 1200mV 0C Model Hold 'VD2_20:inst3|my_dff:inst19|inst2'
Slack : 0.039
TNS   : 0.000

Type  : Fast 1200mV 0C Model Hold 'VD2_20:inst3|my_dff:inst16|inst2'
Slack : 0.045
TNS   : 0.000

Type  : Fast 1200mV 0C Model Hold 'CNT:inst|inst1'
Slack : 0.206
TNS   : 0.000

Type  : Fast 1200mV 0C Model Recovery 'CNT:inst|inst2'
Slack : -0.180
TNS   : -0.180

Type  : Fast 1200mV 0C Model Recovery 'CNT:inst|inst1'
Slack : -0.149
TNS   : -0.149

Type  : Fast 1200mV 0C Model Recovery 'VD2_20:inst3|my_dff:inst19|inst2'
Slack : 0.039
TNS   : 0.000

Type  : Fast 1200mV 0C Model Removal 'VD2_20:inst3|my_dff:inst19|inst2'
Slack : -0.103
TNS   : -0.103

Type  : Fast 1200mV 0C Model Removal 'CNT:inst|inst1'
Slack : 0.095
TNS   : 0.000

Type  : Fast 1200mV 0C Model Removal 'CNT:inst|inst2'
Slack : 0.125
TNS   : 0.000

Type  : Fast 1200mV 0C Model Minimum Pulse Width 'START'
Slack : -3.000
TNS   : -4.145

Type  : Fast 1200mV 0C Model Minimum Pulse Width 'CNT:inst|inst1'
Slack : -1.000
TNS   : -1.000

Type  : Fast 1200mV 0C Model Minimum Pulse Width 'CNT:inst|inst2'
Slack : -1.000
TNS   : -1.000

Type  : Fast 1200mV 0C Model Minimum Pulse Width 'VD2_20:inst3|my_dff:inst10|inst2'
Slack : -1.000
TNS   : -1.000

Type  : Fast 1200mV 0C Model Minimum Pulse Width 'VD2_20:inst3|my_dff:inst11|inst2'
Slack : -1.000
TNS   : -1.000

Type  : Fast 1200mV 0C Model Minimum Pulse Width 'VD2_20:inst3|my_dff:inst12|inst2'
Slack : -1.000
TNS   : -1.000

Type  : Fast 1200mV 0C Model Minimum Pulse Width 'VD2_20:inst3|my_dff:inst13|inst2'
Slack : -1.000
TNS   : -1.000

Type  : Fast 1200mV 0C Model Minimum Pulse Width 'VD2_20:inst3|my_dff:inst14|inst2'
Slack : -1.000
TNS   : -1.000

Type  : Fast 1200mV 0C Model Minimum Pulse Width 'VD2_20:inst3|my_dff:inst15|inst2'
Slack : -1.000
TNS   : -1.000

Type  : Fast 1200mV 0C Model Minimum Pulse Width 'VD2_20:inst3|my_dff:inst16|inst2'
Slack : -1.000
TNS   : -1.000

Type  : Fast 1200mV 0C Model Minimum Pulse Width 'VD2_20:inst3|my_dff:inst17|inst2'
Slack : -1.000
TNS   : -1.000

Type  : Fast 1200mV 0C Model Minimum Pulse Width 'VD2_20:inst3|my_dff:inst18|inst2'
Slack : -1.000
TNS   : -1.000

Type  : Fast 1200mV 0C Model Minimum Pulse Width 'VD2_20:inst3|my_dff:inst19|inst2'
Slack : -1.000
TNS   : -1.000

Type  : Fast 1200mV 0C Model Minimum Pulse Width 'VD2_20:inst3|my_dff:inst1|inst2'
Slack : -1.000
TNS   : -1.000

Type  : Fast 1200mV 0C Model Minimum Pulse Width 'VD2_20:inst3|my_dff:inst2|inst2'
Slack : -1.000
TNS   : -1.000

Type  : Fast 1200mV 0C Model Minimum Pulse Width 'VD2_20:inst3|my_dff:inst3|inst2'
Slack : -1.000
TNS   : -1.000

Type  : Fast 1200mV 0C Model Minimum Pulse Width 'VD2_20:inst3|my_dff:inst4|inst2'
Slack : -1.000
TNS   : -1.000

Type  : Fast 1200mV 0C Model Minimum Pulse Width 'VD2_20:inst3|my_dff:inst5|inst2'
Slack : -1.000
TNS   : -1.000

Type  : Fast 1200mV 0C Model Minimum Pulse Width 'VD2_20:inst3|my_dff:inst6|inst2'
Slack : -1.000
TNS   : -1.000

Type  : Fast 1200mV 0C Model Minimum Pulse Width 'VD2_20:inst3|my_dff:inst7|inst2'
Slack : -1.000
TNS   : -1.000

Type  : Fast 1200mV 0C Model Minimum Pulse Width 'VD2_20:inst3|my_dff:inst8|inst2'
Slack : -1.000
TNS   : -1.000

Type  : Fast 1200mV 0C Model Minimum Pulse Width 'VD2_20:inst3|my_dff:inst9|inst2'
Slack : -1.000
TNS   : -1.000

Type  : Fast 1200mV 0C Model Minimum Pulse Width 'VD2_20:inst3|my_dff:inst|inst2'
Slack : -1.000
TNS   : -1.000

------------------------------------------------------------
